// Jest Snapshot v1, https://goo.gl/fbAQLP

exports[`should render EditExpensePage 1`] = `
<div>
  <div>
    <div
      className="page-header"
    >
      <div
        className="content-container"
      >
        <h1
          className="page-header__title"
        >
          Edit Page
        </h1>
      </div>
    </div>
    <div
      className="content-container"
    >
      <ExpenseForm
        expense={
          Object {
            "amount": 5.5,
            "createdAt": 345600000,
            "description": "coffee",
            "id": "3",
            "note": "",
          }
        }
        onSubmit={[Function]}
      />
      <button
        className="button button--secondary"
        onClick={[Function]}
      >
        Remove expense
      </button>
    </div>
  </div>
</div>
`;
